// Jest Snapshot v1, https://goo.gl/fbAQLP

exports[`"TOBE" tests Render "input" 1`] = `
<input
  placeholder="input value..."
  type="text"
  value=""
/>
`;
