// Jest Snapshot v1, https://goo.gl/fbAQLP

exports[`Render App tests Render "input" 1`] = `
<input
  placeholder="input value..."
  type="text"
/>
`;
